// Jest Snapshot v1, https://goo.gl/fbAQLP

exports[`<Container> renders correctly 1`] = `
.emotion-0 {
  padding: 0;
  background-color: #FFF;
}

<div
  className="emotion-0"
>
  Test
</div>
`;
